2019-07-24 21:29:11.862  INFO 5917 --- [restartedMain] com.sanju.bm.BmApplication               : Starting BmApplication on sanjoy-Lenovo-ideapad-310-15ISK with PID 5917 (/home/sanjoy/Projects/universal-library-system/book-manager/build/classes/java/main started by sanjoy in /home/sanjoy/Projects/universal-library-system/book-manager)
2019-07-24 21:29:11.866  INFO 5917 --- [restartedMain] com.sanju.bm.BmApplication               : No active profile set, falling back to default profiles: default
2019-07-24 21:29:11.923  INFO 5917 --- [restartedMain] .e.DevToolsPropertyDefaultsPostProcessor : Devtools property defaults active! Set 'spring.devtools.add-properties' to 'false' to disable
2019-07-24 21:29:11.924  INFO 5917 --- [restartedMain] .e.DevToolsPropertyDefaultsPostProcessor : For additional web related logging consider setting the 'logging.level.web' property to 'DEBUG'
2019-07-24 21:29:13.108  INFO 5917 --- [restartedMain] .s.d.r.c.RepositoryConfigurationDelegate : Bootstrapping Spring Data repositories in DEFAULT mode.
2019-07-24 21:29:13.200  INFO 5917 --- [restartedMain] .s.d.r.c.RepositoryConfigurationDelegate : Finished Spring Data repository scanning in 82ms. Found 1 repository interfaces.
2019-07-24 21:29:13.769  INFO 5917 --- [restartedMain] trationDelegate$BeanPostProcessorChecker : Bean 'org.springframework.transaction.annotation.ProxyTransactionManagementConfiguration' of type [org.springframework.transaction.annotation.ProxyTransactionManagementConfiguration$$EnhancerBySpringCGLIB$$dd51e1e0] is not eligible for getting processed by all BeanPostProcessors (for example: not eligible for auto-proxying)
2019-07-24 21:29:14.213  INFO 5917 --- [restartedMain] o.s.b.w.embedded.tomcat.TomcatWebServer  : Tomcat initialized with port(s): 10230 (http)
2019-07-24 21:29:14.251  INFO 5917 --- [restartedMain] o.apache.catalina.core.StandardService   : Starting service [Tomcat]
2019-07-24 21:29:14.252  INFO 5917 --- [restartedMain] org.apache.catalina.core.StandardEngine  : Starting Servlet engine: [Apache Tomcat/9.0.21]
2019-07-24 21:29:14.451  INFO 5917 --- [restartedMain] o.a.c.c.C.[Tomcat].[localhost].[/]       : Initializing Spring embedded WebApplicationContext
2019-07-24 21:29:14.452  INFO 5917 --- [restartedMain] o.s.web.context.ContextLoader            : Root WebApplicationContext: initialization completed in 2528 ms
2019-07-24 21:29:14.984  INFO 5917 --- [restartedMain] com.zaxxer.hikari.HikariDataSource       : HikariPool-1 - Starting...
2019-07-24 21:29:15.136  INFO 5917 --- [restartedMain] com.zaxxer.hikari.HikariDataSource       : HikariPool-1 - Start completed.
2019-07-24 21:29:15.192  INFO 5917 --- [restartedMain] o.hibernate.jpa.internal.util.LogHelper  : HHH000204: Processing PersistenceUnitInfo [
	name: default
	...]
2019-07-24 21:29:15.262  INFO 5917 --- [restartedMain] org.hibernate.Version                    : HHH000412: Hibernate Core {5.3.10.Final}
2019-07-24 21:29:15.264  INFO 5917 --- [restartedMain] org.hibernate.cfg.Environment            : HHH000206: hibernate.properties not found
2019-07-24 21:29:15.425  INFO 5917 --- [restartedMain] o.hibernate.annotations.common.Version   : HCANN000001: Hibernate Commons Annotations {5.0.4.Final}
2019-07-24 21:29:15.575  INFO 5917 --- [restartedMain] org.hibernate.dialect.Dialect            : HHH000400: Using dialect: org.hibernate.dialect.MySQL5Dialect
2019-07-24 21:29:16.178  INFO 5917 --- [restartedMain] j.LocalContainerEntityManagerFactoryBean : Initialized JPA EntityManagerFactory for persistence unit 'default'
2019-07-24 21:29:16.509  WARN 5917 --- [restartedMain] aWebConfiguration$JpaWebMvcConfiguration : spring.jpa.open-in-view is enabled by default. Therefore, database queries may be performed during view rendering. Explicitly configure spring.jpa.open-in-view to disable this warning
2019-07-24 21:29:17.297  INFO 5917 --- [restartedMain] o.s.b.d.a.OptionalLiveReloadServer       : LiveReload server is running on port 35729
2019-07-24 21:29:17.310  INFO 5917 --- [restartedMain] o.s.b.a.e.web.EndpointLinksResolver      : Exposing 2 endpoint(s) beneath base path '/actuator'
2019-07-24 21:29:17.407  INFO 5917 --- [restartedMain] o.s.b.w.embedded.tomcat.TomcatWebServer  : Tomcat started on port(s): 10230 (http) with context path ''
2019-07-24 21:29:17.409  INFO 5917 --- [restartedMain] com.sanju.bm.BmApplication               : Started BmApplication in 5.957 seconds (JVM running for 6.354)
2019-07-24 21:29:28.562  INFO 5917 --- [http-nio-10230-exec-1] o.a.c.c.C.[Tomcat].[localhost].[/]       : Initializing Spring DispatcherServlet 'dispatcherServlet'
2019-07-24 21:29:28.562  INFO 5917 --- [http-nio-10230-exec-1] o.s.web.servlet.DispatcherServlet        : Initializing Servlet 'dispatcherServlet'
2019-07-24 21:29:28.571  INFO 5917 --- [http-nio-10230-exec-1] o.s.web.servlet.DispatcherServlet        : Completed initialization in 9 ms
2019-07-24 21:29:28.613  INFO 5917 --- [http-nio-10230-exec-1] c.s.bm.api.controller.AuthorEndPoint     : Welcome to Book Manager
2019-07-24 21:29:28.613  WARN 5917 --- [http-nio-10230-exec-1] c.s.bm.api.controller.AuthorEndPoint     : Welcome to Book Manager
2019-07-24 21:29:28.614 ERROR 5917 --- [http-nio-10230-exec-1] c.s.bm.api.controller.AuthorEndPoint     : Welcome to Book Manager
2019-07-24 21:57:41.930  INFO 5917 --- [Thread-9] j.LocalContainerEntityManagerFactoryBean : Closing JPA EntityManagerFactory for persistence unit 'default'
2019-07-24 21:57:41.939  INFO 5917 --- [Thread-9] com.zaxxer.hikari.HikariDataSource       : HikariPool-1 - Shutdown initiated...
2019-07-24 21:57:41.955  INFO 5917 --- [Thread-9] com.zaxxer.hikari.HikariDataSource       : HikariPool-1 - Shutdown completed.
